[2026-9-28 20:27:46][DEBUG][2273569][main.cc][8] - haha
[2026-9-28 20:27:54][DEBUG][2273622][main.cc][8] - haha
[2026-9-28 20:28:11][DEBUG][2273754][main.cc][8] - debug
[2026-10-7 22:19:13][DEBUG][1055600][main.cc][11] - debug
[2026-10-7 22:34:28][NORMAL][1059761][threadpool.hpp][81] - 线程 Thread-1 已启动
[2026-10-7 22:34:28][NORMAL][1059761][threadpool.hpp][81] - 线程 Thread-2 已启动
[2026-10-7 22:34:28][NORMAL][1059761][threadpool.hpp][81] - 线程 Thread-3 已启动
[2026-10-7 22:34:28][NORMAL][1059761][threadpool.hpp][81] - 线程 Thread-4 已启动
[2026-10-7 22:34:28][NORMAL][1059761][threadpool.hpp][81] - 线程 Thread-5 已启动
[2026-10-7 22:34:29][NORMAL][1059761][threadpool.hpp][24] - 唤醒了一个线程
[2026-10-7 22:34:30][NORMAL][1059761][threadpool.hpp][62] - 线程 main 已退出
[2026-10-7 22:34:30][NORMAL][1059761][threadpool.hpp][62] - 线程 main 已退出
[2026-10-7 22:34:30][NORMAL][1059761][threadpool.hpp][29] - 唤醒了所有线程
[2026-10-7 22:34:30][NORMAL][1059761][threadpool.hpp][62] - 线程 main 已退出
[2026-10-7 22:34:30][NORMAL][1059761][threadpool.hpp][62] - 线程 main 已退出
[2026-10-7 22:34:30][NORMAL][1059761][threadpool.hpp][62] - 线程 main 已退出
[2026-10-7 22:35:11][NORMAL][1059990][threadpool.hpp][81] - 线程 Thread-1 已启动
[2026-10-7 22:35:11][NORMAL][1059990][threadpool.hpp][81] - 线程 Thread-2 已启动
[2026-10-7 22:35:11][NORMAL][1059990][threadpool.hpp][81] - 线程 Thread-3 已启动
[2026-10-7 22:35:11][NORMAL][1059990][threadpool.hpp][81] - 线程 Thread-4 已启动
[2026-10-7 22:35:11][NORMAL][1059990][threadpool.hpp][81] - 线程 Thread-5 已启动
[2026-10-7 22:35:12][NORMAL][1059990][threadpool.hpp][24] - 唤醒了一个线程
[2026-10-7 22:35:12][NORMAL][1059990][threadpool.hpp][24] - 唤醒了一个线程
[2026-10-7 22:35:12][NORMAL][1059990][threadpool.hpp][24] - 唤醒了一个线程
[2026-10-7 22:35:12][NORMAL][1059990][threadpool.hpp][24] - 唤醒了一个线程
[2026-10-7 22:35:12][NORMAL][1059990][threadpool.hpp][24] - 唤醒了一个线程
[2026-10-7 22:35:12][NORMAL][1059990][threadpool.hpp][24] - 唤醒了一个线程
[2026-10-7 22:35:12][NORMAL][1059990][threadpool.hpp][24] - 唤醒了一个线程
[2026-10-7 22:35:12][NORMAL][1059990][threadpool.hpp][24] - 唤醒了一个线程
[2026-10-7 22:35:12][NORMAL][1059990][threadpool.hpp][24] - 唤醒了一个线程
[2026-10-7 22:35:12][NORMAL][1059990][threadpool.hpp][24] - 唤醒了一个线程
[2026-10-7 22:35:12][NORMAL][1059990][threadpool.hpp][24] - 唤醒了一个线程
[2026-10-7 22:35:12][NORMAL][1059990][threadpool.hpp][24] - 唤醒了一个线程
[2026-10-7 22:35:12][NORMAL][1059990][threadpool.hpp][24] - 唤醒了一个线程
[2026-10-7 22:35:12][NORMAL][1059990][threadpool.hpp][24] - 唤醒了一个线程
[2026-10-7 22:35:12][NORMAL][1059990][threadpool.hpp][24] - 唤醒了一个线程
[2026-10-7 22:35:12][NORMAL][1059990][threadpool.hpp][24] - 唤醒了一个线程
[2026-10-7 22:35:12][NORMAL][1059990][threadpool.hpp][24] - 唤醒了一个线程
[2026-10-7 22:35:12][NORMAL][1059990][threadpool.hpp][24] - 唤醒了一个线程
[2026-10-7 22:35:12][NORMAL][1059990][threadpool.hpp][24] - 唤醒了一个线程
[2026-10-7 22:35:12][NORMAL][1059990][threadpool.hpp][24] - 唤醒了一个线程
[2026-10-7 22:35:12][NORMAL][1059990][threadpool.hpp][24] - 唤醒了一个线程
[2026-10-7 22:35:12][NORMAL][1059990][threadpool.hpp][24] - 唤醒了一个线程
[2026-10-7 22:35:12][NORMAL][1059990][threadpool.hpp][24] - 唤醒了一个线程
[2026-10-7 22:35:12][NORMAL][1059990][threadpool.hpp][24] - 唤醒了一个线程
[2026-10-7 22:35:12][NORMAL][1059990][threadpool.hpp][24] - 唤醒了一个线程
[2026-10-7 22:35:12][NORMAL][1059990][threadpool.hpp][24] - 唤醒了一个线程
[2026-10-7 22:35:12][NORMAL][1059990][threadpool.hpp][24] - 唤醒了一个线程
[2026-10-7 22:35:12][NORMAL][1059990][threadpool.hpp][24] - 唤醒了一个线程
[2026-10-7 22:35:12][NORMAL][1059990][threadpool.hpp][24] - 唤醒了一个线程
[2026-10-7 22:35:12][NORMAL][1059990][threadpool.hpp][24] - 唤醒了一个线程
[2026-10-7 22:35:12][NORMAL][1059990][threadpool.hpp][24] - 唤醒了一个线程
[2026-10-7 22:35:12][NORMAL][1059990][threadpool.hpp][24] - 唤醒了一个线程
[2026-10-7 22:35:12][NORMAL][1059990][threadpool.hpp][24] - 唤醒了一个线程
[2026-10-7 22:35:12][NORMAL][1059990][threadpool.hpp][24] - 唤醒了一个线程
[2026-10-7 22:35:12][NORMAL][1059990][threadpool.hpp][24] - 唤醒了一个线程
[2026-10-7 22:35:12][NORMAL][1059990][threadpool.hpp][24] - 唤醒了一个线程
[2026-10-7 22:35:12][NORMAL][1059990][threadpool.hpp][24] - 唤醒了一个线程
[2026-10-7 22:35:12][NORMAL][1059990][threadpool.hpp][24] - 唤醒了一个线程
[2026-10-7 22:35:12][NORMAL][1059990][threadpool.hpp][24] - 唤醒了一个线程
[2026-10-7 22:35:12][NORMAL][1059990][threadpool.hpp][24] - 唤醒了一个线程
[2026-10-7 22:35:12][NORMAL][1059990][threadpool.hpp][24] - 唤醒了一个线程
[2026-10-7 22:35:12][NORMAL][1059990][threadpool.hpp][24] - 唤醒了一个线程
[2026-10-7 22:35:12][NORMAL][1059990][threadpool.hpp][24] - 唤醒了一个线程
[2026-10-7 22:35:12][NORMAL][1059990][threadpool.hpp][24] - 唤醒了一个线程
[2026-10-7 22:35:12][NORMAL][1059990][threadpool.hpp][24] - 唤醒了一个线程
[2026-10-7 22:35:12][NORMAL][1059990][threadpool.hpp][24] - 唤醒了一个线程
[2026-10-7 22:35:12][NORMAL][1059990][threadpool.hpp][24] - 唤醒了一个线程
[2026-10-7 22:35:12][NORMAL][1059990][threadpool.hpp][24] - 唤醒了一个线程
[2026-10-7 22:35:12][NORMAL][1059990][threadpool.hpp][24] - 唤醒了一个线程
[2026-10-7 22:35:12][NORMAL][1059990][threadpool.hpp][24] - 唤醒了一个线程
[2026-10-7 22:35:13][NORMAL][1059990][threadpool.hpp][62] - 线程 main 已退出
[2026-10-7 22:35:13][NORMAL][1059990][threadpool.hpp][29] - 唤醒了所有线程
[2026-10-7 22:35:13][NORMAL][1059990][threadpool.hpp][62] - 线程 main 已退出
[2026-10-7 22:35:13][NORMAL][1059990][threadpool.hpp][62] - 线程 main 已退出
[2026-10-7 22:35:13][NORMAL][1059990][threadpool.hpp][62] - 线程 main 已退出
[2026-10-7 22:35:13][NORMAL][1059990][threadpool.hpp][62] - 线程 main 已退出
[2026-10-7 22:35:32][NORMAL][1060144][threadpool.hpp][81] - 线程 Thread-1 已启动
[2026-10-7 22:35:32][NORMAL][1060144][threadpool.hpp][81] - 线程 Thread-2 已启动
[2026-10-7 22:35:32][NORMAL][1060144][threadpool.hpp][81] - 线程 Thread-3 已启动
[2026-10-7 22:35:32][NORMAL][1060144][threadpool.hpp][81] - 线程 Thread-4 已启动
[2026-10-7 22:35:32][NORMAL][1060144][threadpool.hpp][81] - 线程 Thread-5 已启动
[2026-10-7 22:35:33][NORMAL][1060144][threadpool.hpp][24] - 唤醒了一个线程
[2026-10-7 22:35:34][NORMAL][1060144][threadpool.hpp][24] - 唤醒了一个线程
[2026-10-7 22:35:35][NORMAL][1060144][threadpool.hpp][24] - 唤醒了一个线程
[2026-10-7 22:35:36][NORMAL][1060144][threadpool.hpp][24] - 唤醒了一个线程
[2026-10-7 22:35:37][NORMAL][1060144][threadpool.hpp][24] - 唤醒了一个线程
[2026-10-7 22:35:38][NORMAL][1060144][threadpool.hpp][24] - 唤醒了一个线程
[2026-10-7 22:35:39][NORMAL][1060144][threadpool.hpp][24] - 唤醒了一个线程
[2026-10-7 22:35:40][NORMAL][1060144][threadpool.hpp][24] - 唤醒了一个线程
[2026-10-7 22:35:41][NORMAL][1060144][threadpool.hpp][24] - 唤醒了一个线程
[2026-10-7 22:35:42][NORMAL][1060144][threadpool.hpp][24] - 唤醒了一个线程
[2026-10-7 22:35:43][NORMAL][1060144][threadpool.hpp][24] - 唤醒了一个线程
[2026-10-7 22:35:44][NORMAL][1060144][threadpool.hpp][24] - 唤醒了一个线程
[2026-10-7 22:35:45][NORMAL][1060144][threadpool.hpp][24] - 唤醒了一个线程
[2026-10-7 22:35:46][NORMAL][1060144][threadpool.hpp][24] - 唤醒了一个线程
[2026-10-7 22:35:47][NORMAL][1060144][threadpool.hpp][24] - 唤醒了一个线程
[2026-10-7 22:35:48][NORMAL][1060144][threadpool.hpp][24] - 唤醒了一个线程
[2026-10-7 22:35:49][NORMAL][1060144][threadpool.hpp][24] - 唤醒了一个线程
[2026-10-7 22:35:50][NORMAL][1060144][threadpool.hpp][24] - 唤醒了一个线程
[2026-10-7 22:35:51][NORMAL][1060144][threadpool.hpp][24] - 唤醒了一个线程
[2026-10-7 22:35:52][NORMAL][1060144][threadpool.hpp][24] - 唤醒了一个线程
[2026-10-7 22:35:53][NORMAL][1060144][threadpool.hpp][24] - 唤醒了一个线程
[2026-10-7 22:35:54][NORMAL][1060144][threadpool.hpp][24] - 唤醒了一个线程
[2026-10-7 22:35:55][NORMAL][1060144][threadpool.hpp][24] - 唤醒了一个线程
[2026-10-7 22:35:56][NORMAL][1060144][threadpool.hpp][24] - 唤醒了一个线程
[2026-10-7 22:35:57][NORMAL][1060144][threadpool.hpp][24] - 唤醒了一个线程
[2026-10-7 22:35:58][NORMAL][1060144][threadpool.hpp][24] - 唤醒了一个线程
[2026-10-7 22:35:59][NORMAL][1060144][threadpool.hpp][24] - 唤醒了一个线程
[2026-10-7 22:36:00][NORMAL][1060144][threadpool.hpp][24] - 唤醒了一个线程
[2026-10-7 22:36:01][NORMAL][1060144][threadpool.hpp][24] - 唤醒了一个线程
[2026-10-7 22:36:02][NORMAL][1060144][threadpool.hpp][24] - 唤醒了一个线程
[2026-10-7 22:36:03][NORMAL][1060144][threadpool.hpp][24] - 唤醒了一个线程
[2026-10-7 22:36:04][NORMAL][1060144][threadpool.hpp][24] - 唤醒了一个线程
[2026-10-7 22:36:05][NORMAL][1060144][threadpool.hpp][24] - 唤醒了一个线程
[2026-10-7 22:36:06][NORMAL][1060144][threadpool.hpp][24] - 唤醒了一个线程
[2026-10-7 22:36:07][NORMAL][1060144][threadpool.hpp][24] - 唤醒了一个线程
[2026-10-7 22:36:08][NORMAL][1060144][threadpool.hpp][24] - 唤醒了一个线程
[2026-10-7 22:36:09][NORMAL][1060144][threadpool.hpp][24] - 唤醒了一个线程
[2026-10-7 22:36:10][NORMAL][1060144][threadpool.hpp][24] - 唤醒了一个线程
[2026-10-7 22:36:11][NORMAL][1060144][threadpool.hpp][24] - 唤醒了一个线程
[2026-10-7 22:36:12][NORMAL][1060144][threadpool.hpp][24] - 唤醒了一个线程
[2026-10-7 22:36:13][NORMAL][1060144][threadpool.hpp][24] - 唤醒了一个线程
[2026-10-7 22:36:14][NORMAL][1060144][threadpool.hpp][24] - 唤醒了一个线程
[2026-10-7 22:36:15][NORMAL][1060144][threadpool.hpp][24] - 唤醒了一个线程
[2026-10-7 22:36:16][NORMAL][1060144][threadpool.hpp][24] - 唤醒了一个线程
[2026-10-7 22:36:17][NORMAL][1060144][threadpool.hpp][24] - 唤醒了一个线程
[2026-10-7 22:36:18][NORMAL][1060144][threadpool.hpp][24] - 唤醒了一个线程
[2026-10-7 22:36:19][NORMAL][1060144][threadpool.hpp][24] - 唤醒了一个线程
[2026-10-7 22:36:20][NORMAL][1060144][threadpool.hpp][24] - 唤醒了一个线程
[2026-10-7 22:36:21][NORMAL][1060144][threadpool.hpp][24] - 唤醒了一个线程
[2026-10-7 22:36:22][NORMAL][1060144][threadpool.hpp][24] - 唤醒了一个线程
[2026-10-7 22:36:24][NORMAL][1060144][threadpool.hpp][29] - 唤醒了所有线程
[2026-10-7 22:36:24][NORMAL][1060144][threadpool.hpp][62] - 线程 main 已退出
[2026-10-7 22:36:24][NORMAL][1060144][threadpool.hpp][62] - 线程 main 已退出
[2026-10-7 22:36:24][NORMAL][1060144][threadpool.hpp][62] - 线程 main 已退出
[2026-10-7 22:36:24][NORMAL][1060144][threadpool.hpp][62] - 线程 main 已退出
[2026-10-7 22:36:24][NORMAL][1060144][threadpool.hpp][62] - 线程 main 已退出
[2026-10-7 22:37:24][NORMAL][1060835][threadpool.hpp][81] - 线程 Thread-1 已启动
[2026-10-7 22:37:24][NORMAL][1060835][threadpool.hpp][81] - 线程 Thread-2 已启动
[2026-10-7 22:37:24][NORMAL][1060835][threadpool.hpp][81] - 线程 Thread-3 已启动
[2026-10-7 22:37:24][NORMAL][1060835][threadpool.hpp][81] - 线程 Thread-4 已启动
[2026-10-7 22:37:24][NORMAL][1060835][threadpool.hpp][81] - 线程 Thread-5 已启动
[2026-10-7 22:37:25][NORMAL][1060835][threadpool.hpp][24] - 唤醒了一个线程
[2026-10-7 22:37:26][NORMAL][1060835][threadpool.hpp][24] - 唤醒了一个线程
[2026-10-7 22:37:27][NORMAL][1060835][threadpool.hpp][24] - 唤醒了一个线程
[2026-10-7 22:37:28][NORMAL][1060835][threadpool.hpp][24] - 唤醒了一个线程
[2026-10-7 22:37:29][NORMAL][1060835][threadpool.hpp][24] - 唤醒了一个线程
[2026-10-7 22:37:30][NORMAL][1060835][threadpool.hpp][24] - 唤醒了一个线程
[2026-10-7 22:37:31][NORMAL][1060835][threadpool.hpp][24] - 唤醒了一个线程
[2026-10-7 22:37:32][NORMAL][1060835][threadpool.hpp][24] - 唤醒了一个线程
[2026-10-7 22:37:33][NORMAL][1060835][threadpool.hpp][24] - 唤醒了一个线程
[2026-10-7 22:37:34][NORMAL][1060835][threadpool.hpp][24] - 唤醒了一个线程
[2026-10-7 22:37:35][NORMAL][1060835][threadpool.hpp][24] - 唤醒了一个线程
[2026-10-7 22:37:36][NORMAL][1060835][threadpool.hpp][24] - 唤醒了一个线程
[2026-10-7 22:37:37][NORMAL][1060835][threadpool.hpp][24] - 唤醒了一个线程
[2026-10-7 22:37:38][NORMAL][1060835][threadpool.hpp][24] - 唤醒了一个线程
[2026-10-7 22:37:39][NORMAL][1060835][threadpool.hpp][24] - 唤醒了一个线程
[2026-10-7 22:37:40][NORMAL][1060835][threadpool.hpp][24] - 唤醒了一个线程
[2026-10-7 22:37:41][NORMAL][1060835][threadpool.hpp][24] - 唤醒了一个线程
[2026-10-7 22:37:42][NORMAL][1060835][threadpool.hpp][24] - 唤醒了一个线程
[2026-10-7 22:37:43][NORMAL][1060835][threadpool.hpp][24] - 唤醒了一个线程
[2026-10-7 22:37:44][NORMAL][1060835][threadpool.hpp][24] - 唤醒了一个线程
[2026-10-7 22:37:45][NORMAL][1060835][threadpool.hpp][24] - 唤醒了一个线程
[2026-10-7 22:37:46][NORMAL][1060835][threadpool.hpp][24] - 唤醒了一个线程
[2026-10-7 22:37:47][NORMAL][1060835][threadpool.hpp][24] - 唤醒了一个线程
[2026-10-7 22:37:48][NORMAL][1060835][threadpool.hpp][24] - 唤醒了一个线程
[2026-10-7 22:37:49][NORMAL][1060835][threadpool.hpp][24] - 唤醒了一个线程
[2026-10-7 22:37:50][NORMAL][1060835][threadpool.hpp][24] - 唤醒了一个线程
[2026-10-7 22:37:51][NORMAL][1060835][threadpool.hpp][24] - 唤醒了一个线程
[2026-10-7 22:37:52][NORMAL][1060835][threadpool.hpp][24] - 唤醒了一个线程
[2026-10-7 22:37:53][NORMAL][1060835][threadpool.hpp][24] - 唤醒了一个线程
[2026-10-7 22:37:54][NORMAL][1060835][threadpool.hpp][24] - 唤醒了一个线程
[2026-10-7 22:37:55][NORMAL][1060835][threadpool.hpp][24] - 唤醒了一个线程
[2026-10-7 22:37:56][NORMAL][1060835][threadpool.hpp][24] - 唤醒了一个线程
[2026-10-7 22:37:57][NORMAL][1060835][threadpool.hpp][24] - 唤醒了一个线程
[2026-10-7 22:37:58][NORMAL][1060835][threadpool.hpp][24] - 唤醒了一个线程
[2026-10-7 22:37:59][NORMAL][1060835][threadpool.hpp][24] - 唤醒了一个线程
[2026-10-7 22:38:00][NORMAL][1060835][threadpool.hpp][24] - 唤醒了一个线程
[2026-10-7 22:38:01][NORMAL][1060835][threadpool.hpp][24] - 唤醒了一个线程
[2026-10-7 22:38:02][NORMAL][1060835][threadpool.hpp][24] - 唤醒了一个线程
[2026-10-7 22:38:03][NORMAL][1060835][threadpool.hpp][24] - 唤醒了一个线程
[2026-10-7 22:38:04][NORMAL][1060835][threadpool.hpp][24] - 唤醒了一个线程
[2026-10-7 22:38:05][NORMAL][1060835][threadpool.hpp][24] - 唤醒了一个线程
[2026-10-7 22:38:06][NORMAL][1060835][threadpool.hpp][24] - 唤醒了一个线程
[2026-10-7 22:38:07][NORMAL][1060835][threadpool.hpp][24] - 唤醒了一个线程
[2026-10-7 22:38:08][NORMAL][1060835][threadpool.hpp][24] - 唤醒了一个线程
[2026-10-7 22:38:09][NORMAL][1060835][threadpool.hpp][24] - 唤醒了一个线程
[2026-10-7 22:38:10][NORMAL][1060835][threadpool.hpp][24] - 唤醒了一个线程
[2026-10-7 22:38:11][NORMAL][1060835][threadpool.hpp][24] - 唤醒了一个线程
[2026-10-7 22:38:12][NORMAL][1060835][threadpool.hpp][24] - 唤醒了一个线程
[2026-10-7 22:38:13][NORMAL][1060835][threadpool.hpp][24] - 唤醒了一个线程
[2026-10-7 22:38:14][NORMAL][1060835][threadpool.hpp][24] - 唤醒了一个线程
[2026-10-7 22:38:16][NORMAL][1060835][threadpool.hpp][29] - 唤醒了所有线程
[2026-10-7 22:38:16][NORMAL][1060835][threadpool.hpp][62] - 线程 main 已退出
[2026-10-7 22:38:16][NORMAL][1060835][threadpool.hpp][62] - 线程 main 已退出
[2026-10-7 22:38:16][NORMAL][1060835][threadpool.hpp][62] - 线程 main 已退出
[2026-10-7 22:38:16][NORMAL][1060835][threadpool.hpp][62] - 线程 main 已退出
[2026-10-7 22:38:16][NORMAL][1060835][threadpool.hpp][62] - 线程 main 已退出
[2026-10-7 22:54:55][NORMAL][1065332][threadpool.hpp][49] - 获取单例...
[2026-10-7 22:54:55][NORMAL][1065332][threadpool.hpp][52] - 首次使用单例, 创建单例...
[2026-10-7 22:54:55][NORMAL][1065332][threadpool.hpp][97] - 线程 Thread-1 已启动
[2026-10-7 22:54:55][NORMAL][1065332][threadpool.hpp][97] - 线程 Thread-2 已启动
[2026-10-7 22:54:55][NORMAL][1065332][threadpool.hpp][97] - 线程 Thread-3 已启动
[2026-10-7 22:54:55][NORMAL][1065332][threadpool.hpp][97] - 线程 Thread-4 已启动
[2026-10-7 22:54:55][NORMAL][1065332][threadpool.hpp][97] - 线程 Thread-5 已启动
[2026-10-7 22:54:55][NORMAL][1065332][threadpool.hpp][24] - 唤醒了一个线程
[2026-10-7 22:54:56][NORMAL][1065332][threadpool.hpp][24] - 唤醒了一个线程
[2026-10-7 22:54:57][NORMAL][1065332][threadpool.hpp][24] - 唤醒了一个线程
[2026-10-7 22:54:58][NORMAL][1065332][threadpool.hpp][24] - 唤醒了一个线程
[2026-10-7 22:54:59][NORMAL][1065332][threadpool.hpp][24] - 唤醒了一个线程
[2026-10-7 22:55:00][NORMAL][1065332][threadpool.hpp][24] - 唤醒了一个线程
[2026-10-7 22:55:01][NORMAL][1065332][threadpool.hpp][24] - 唤醒了一个线程
[2026-10-7 22:55:02][NORMAL][1065332][threadpool.hpp][24] - 唤醒了一个线程
[2026-10-7 22:55:03][NORMAL][1065332][threadpool.hpp][24] - 唤醒了一个线程
[2026-10-7 22:55:04][NORMAL][1065332][threadpool.hpp][24] - 唤醒了一个线程
[2026-10-7 22:55:05][NORMAL][1065332][threadpool.hpp][29] - 唤醒了所有线程
[2026-10-7 22:55:05][NORMAL][1065332][threadpool.hpp][78] - 线程 main 已退出
[2026-10-7 22:55:05][NORMAL][1065332][threadpool.hpp][78] - 线程 main 已退出
[2026-10-7 22:55:05][NORMAL][1065332][threadpool.hpp][78] - 线程 main 已退出
[2026-10-7 22:55:06][NORMAL][1065332][threadpool.hpp][78] - 线程 main 已退出
[2026-10-7 22:55:06][NORMAL][1065332][threadpool.hpp][78] - 线程 main 已退出
